
> foundation@0.1.0 test
> vitest run ModelPicker.test.tsx


 RUN  v5.0.0 C:/Users/Lenovo/main storage/testing/dummy project/.claude/worktrees/thread-memory-catchup

 ❯ tests/component/ModelPicker.test.tsx (0 test)

⎯⎯⎯⎯⎯⎯ Failed Suites 1 ⎯⎯⎯⎯⎯⎯⎯

 FAIL  tests/component/ModelPicker.test.tsx [ tests/component/ModelPicker.test.tsx ]
Error: Failed to resolve import "@/components/settings/ModelPicker" from "tests/component/ModelPicker.test.tsx". Does the file exist?
  Plugin: vite:import-analysis
  File: C:/Users/Lenovo/main storage/testing/dummy project/.claude/worktrees/thread-memory-catchup/tests/component/ModelPicker.test.tsx:3:24
  1  |  import { describe, it, expect, vi } from "vitest";
  2  |  import { render, screen, fireEvent } from "@testing-library/react";
  3  |  import ModelPicker from "@/components/settings/ModelPicker";
     |                           ^
  4  |  var _jsxFileName = "C:/Users/Lenovo/main storage/testing/dummy project/.claude/worktrees/thread-memory-catchup/tests/...
  5  |  import { jsxDEV as _jsxDEV } from "react/jsx-dev-runtime";
 ❯ TransformPluginContext._formatLog ../../../../../../main%20storage/testing/dummy%20project/.claude/worktrees/thread-memory-catchup/node_modules/vite/dist/node/chunks/node.js:8393:39
 ❯ TransformPluginContext.error ../../../../../../main%20storage/testing/dummy%20project/.claude/worktrees/thread-memory-catchup/node_modules/vite/dist/node/chunks/node.js:8390:14
 ❯ normalizeUrl ../../../../../../main%20storage/testing/dummy%20project/.claude/worktrees/thread-memory-catchup/node_modules/vite/dist/node/chunks/node.js:26058:18
 ❯ ../../../../../../main%20storage/testing/dummy%20project/.claude/worktrees/thread-memory-catchup/node_modules/vite/dist/node/chunks/node.js:26128:30
 ❯ TransformPluginContext.transform ../../../../../../main%20storage/testing/dummy%20project/.claude/worktrees/thread-memory-catchup/node_modules/vite/dist/node/chunks/node.js:26094:4
 ❯ EnvironmentPluginContainer.transform ../../../../../../main%20storage/testing/dummy%20project/.claude/worktrees/thread-memory-catchup/node_modules/vite/dist/node/chunks/node.js:8172:14
 ❯ loadAndTransform ../../../../../../main%20storage/testing/dummy%20project/.claude/worktrees/thread-memory-catchup/node_modules/vite/dist/node/chunks/node.js:19634:26

⎯⎯⎯⎯⎯⎯⎯⎯⎯⎯⎯⎯⎯⎯⎯⎯⎯⎯⎯⎯⎯⎯⎯⎯[1/1]⎯


 Test Files  1 failed (1)
      Tests  no tests
   Start at  06:53:31
   Duration  1.65s (environment 79%, setup 17%, transform 2%, worker 1%)

